src/asset_manager.c
src/character_select_course_menu.c
src/character_select_menu.c
src/character_select_course_ui.c
src/controller_pak_file_delete_flow.c
src/controller_pak_replay_save_message_flow.c
src/controller_pak_race_record_save_flow.c
src/controller_pak_ui.c
src/course_select_menu.c
src/course_select_ui.c
src/callback_task_scheduler.c
src/fixed_point_math.c
src/game_task_scheduler.c
src/ending_credits_ui.c
src/main_menu_panel_ui.c
src/ending_credits_slash.c
src/ending_credits_nancy.c
src/ending_credits_tommy.c
src/ending_credits_jam.c
src/ending_credits_linda.c
src/main_menu_scene_model.c
src/main_menu_scene_model_renderer.c
src/controller_pak_race_record_save_ui.c
src/main_menu_race_flow.c
src/menu_renderer.c
src/menu_screen_effects.c
src/controller_main_menu_flow.c
src/ending_credits_effects.c
src/ending_credits_flow.c
src/audio_engine.c
src/race_splitscreen_select_menu.c
src/race_splitscreen_select_ui.c
src/race_setup_menu.c
src/race_player_collision.c
src/race_camera.c
src/multiplayer_course_select_menu.c
src/race_course_objects.c
src/race_course_effects.c
src/race_course_effects.c
src/race_flow.c
src/race_intro_effects.c
src/main_menu_demo_race_intro.c
src/race_item_effects.c
include/race_item_effects.h
include/main_menu_demo_race_intro.h
src/title_demo_race_intro.c
include/title_demo_race_intro.h
src/multiplayer_course_select_menu.c
src/race_item_weapons.c
src/race_item_projectiles.c
include/race_item_projectiles.h
src/race_flow.c
src/character_select_ui.c
src/character_select_ui.c
src/race_player_input.c
include/race_player_input.h
src/race_player_item_effects.c
include/race_player_item_effects.h
src/race_player_pickup_effects.c
include/race_player_pickup_effects.h
src/race_intro_effects.c
src/main_menu_demo_race_intro.c
src/race_item_effects.c
src/race_item_projectiles.c
src/race_motion.c
src/race_motion_debug_viewer.c
include/race_motion_debug_viewer.h
src/race_motion_animation_debug_viewer.c
include/race_motion_animation_debug_viewer.h
src/race_motion_test_viewer.c
include/race_motion_test_viewer.h
src/race_motion_animation_viewer.c
include/race_motion_animation_viewer.h
src/race_motion_viewer.c
include/race_motion_viewer.h
src/race_motion.c
src/race_pickup_effects.c
src/race_pickups_and_course_props.c
include/race_pickups_and_course_props.h
src/race_course_props_and_pickups.c
include/race_course_props_and_pickups.h
src/race_player_input.c
src/race_player_movement.c
src/race_player_update.c
src/race_progress.c
include/race_progress.h
